// Jest Snapshot v1, https://goo.gl/fbAQLP

exports[`Link changes the class when hovered 1`] = `
<div
  className="MuiPaper-root MuiPaper-elevation1 MuiPaper-rounded"
  style={
    Object {
      "margin": "4px auto 4px",
    }
  }
>
  <div
    className="MuiPaper-root MuiCard-root MuiPaper-elevation8 MuiPaper-rounded"
    disabled={false}
    style={
      Object {
        "maxHeight": 240,
        "textAlign": "center",
        "width": 240,
      }
    }
  >
    <button
      className="MuiButtonBase-root MuiCardActionArea-root"
      disabled={false}
      onBlur={[Function]}
      onClick={[Function]}
      onDragLeave={[Function]}
      onFocus={[Function]}
      onKeyDown={[Function]}
      onKeyUp={[Function]}
      onMouseDown={[Function]}
      onMouseLeave={[Function]}
      onMouseUp={[Function]}
      onTouchEnd={[Function]}
      onTouchMove={[Function]}
      onTouchStart={[Function]}
      tabIndex={0}
      type="button"
    >
      <div
        style={
          Object {
            "fontSize": 24,
            "height": 120,
            "width": 120,
          }
        }
      >
        Draw a Card
      </div>
      <div
        className="MuiCardContent-root"
      >
        <h2
          className="MuiTypography-root MuiTypography-h5 MuiTypography-gutterBottom"
        >
          ???
        </h2>
      </div>
      
      <span
        className="MuiCardActionArea-focusHighlight"
      />
    </button>
  </div>
</div>
`;
